Processing lptm4c123gh6pm (platform: titiva; board: lptm4c123gh6pm; framework: arduino)
--------------------------------------------------------------------------------
CONFIGURATION: https://docs.platformio.org/page/boards/titiva/lptm4c123gh6pm.html
PLATFORM: TI TIVA (3.1.0) > TI LaunchPad (Tiva C) w/ tm4c123 (80MHz)
HARDWARE: LPTM4C123GH6PM 80MHz, 32KB RAM, 256KB Flash
DEBUG: Current (ti-icdi) On-board (ti-icdi)
PACKAGES: 
 - framework-energiativa @ 1.10002.0 (1.0.2) 
 - toolchain-gccarmnoneeabi @ 1.40804.0 (4.8.4)
LDF: Library Dependency Finder -> https://bit.ly/configure-pio-ldf
LDF Modes: Finder ~ chain, Compatibility ~ soft
Found 22 compatible libraries
Scanning dependencies...
No dependencies
Building in release mode
arm-none-eabi-g++ -o .pio\build\lptm4c123gh6pm\src\main.cpp.o -c -fno-rtti -fno-exceptions -fno-threadsafe-statics -std=gnu++11 -mthumb -Os -ffunction-sections -fdata-sections -Wall -nostdlib -mcpu=cortex-m4 -mabi=aapcs -mfloat-abi=hard -mfpu=fpv4-sp-d16 --param max-inline-insns-single=500 -DF_CPU=80000000L -DPLATFORMIO=60104 -DENERGIA_ARCH_TIVAC -DENERGIA_EK_TM4C123GXL -DARDUINO=10805 -DENERGIA=10002 -Dprintf=iprintf -Iinclude -Isrc -IC:\Users\kille\.platformio\packages\framework-energiativa\system -IC:\Users\kille\.platformio\packages\framework-energiativa\system\inc -IC:\Users\kille\.platformio\packages\framework-energiativa\system\driverlib -IC:\Users\kille\.platformio\packages\framework-energiativa\cores\tivac -IC:\Users\kille\.platformio\packages\framework-energiativa\variants\EK-TM4C123GXL src\main.cpp
arm-none-eabi-g++ -o .pio\build\lptm4c123gh6pm\FrameworkEnergia\HardwareSerial.cpp.o -c -fno-rtti -fno-exceptions -fno-threadsafe-statics -std=gnu++11 -mthumb -Os -ffunction-sections -fdata-sections -Wall -nostdlib -mcpu=cortex-m4 -mabi=aapcs -mfloat-abi=hard -mfpu=fpv4-sp-d16 --param max-inline-insns-single=500 -DF_CPU=80000000L -DPLATFORMIO=60104 -DENERGIA_ARCH_TIVAC -DENERGIA_EK_TM4C123GXL -DARDUINO=10805 -DENERGIA=10002 -Dprintf=iprintf -IC:\Users\kille\.platformio\packages\framework-energiativa\system -IC:\Users\kille\.platformio\packages\framework-energiativa\system\inc -IC:\Users\kille\.platformio\packages\framework-energiativa\system\driverlib -IC:\Users\kille\.platformio\packages\framework-energiativa\cores\tivac -IC:\Users\kille\.platformio\packages\framework-energiativa\variants\EK-TM4C123GXL C:\Users\kille\.platformio\packages\framework-energiativa\cores\tivac\HardwareSerial.cpp
arm-none-eabi-g++ -o .pio\build\lptm4c123gh6pm\FrameworkEnergia\IPAddress.cpp.o -c -fno-rtti -fno-exceptions -fno-threadsafe-statics -std=gnu++11 -mthumb -Os -ffunction-sections -fdata-sections -Wall -nostdlib -mcpu=cortex-m4 -mabi=aapcs -mfloat-abi=hard -mfpu=fpv4-sp-d16 --param max-inline-insns-single=500 -DF_CPU=80000000L -DPLATFORMIO=60104 -DENERGIA_ARCH_TIVAC -DENERGIA_EK_TM4C123GXL -DARDUINO=10805 -DENERGIA=10002 -Dprintf=iprintf -IC:\Users\kille\.platformio\packages\framework-energiativa\system -IC:\Users\kille\.platformio\packages\framework-energiativa\system\inc -IC:\Users\kille\.platformio\packages\framework-energiativa\system\driverlib -IC:\Users\kille\.platformio\packages\framework-energiativa\cores\tivac -IC:\Users\kille\.platformio\packages\framework-energiativa\variants\EK-TM4C123GXL C:\Users\kille\.platformio\packages\framework-energiativa\cores\tivac\IPAddress.cpp
arm-none-eabi-g++ -o .pio\build\lptm4c123gh6pm\FrameworkEnergia\MACAddress.cpp.o -c -fno-rtti -fno-exceptions -fno-threadsafe-statics -std=gnu++11 -mthumb -Os -ffunction-sections -fdata-sections -Wall -nostdlib -mcpu=cortex-m4 -mabi=aapcs -mfloat-abi=hard -mfpu=fpv4-sp-d16 --param max-inline-insns-single=500 -DF_CPU=80000000L -DPLATFORMIO=60104 -DENERGIA_ARCH_TIVAC -DENERGIA_EK_TM4C123GXL -DARDUINO=10805 -DENERGIA=10002 -Dprintf=iprintf -IC:\Users\kille\.platformio\packages\framework-energiativa\system -IC:\Users\kille\.platformio\packages\framework-energiativa\system\inc -IC:\Users\kille\.platformio\packages\framework-energiativa\system\driverlib -IC:\Users\kille\.platformio\packages\framework-energiativa\cores\tivac -IC:\Users\kille\.platformio\packages\framework-energiativa\variants\EK-TM4C123GXL C:\Users\kille\.platformio\packages\framework-energiativa\cores\tivac\MACAddress.cpp
arm-none-eabi-g++ -o .pio\build\lptm4c123gh6pm\FrameworkEnergia\Print.cpp.o -c -fno-rtti -fno-exceptions -fno-threadsafe-statics -std=gnu++11 -mthumb -Os -ffunction-sections -fdata-sections -Wall -nostdlib -mcpu=cortex-m4 -mabi=aapcs -mfloat-abi=hard -mfpu=fpv4-sp-d16 --param max-inline-insns-single=500 -DF_CPU=80000000L -DPLATFORMIO=60104 -DENERGIA_ARCH_TIVAC -DENERGIA_EK_TM4C123GXL -DARDUINO=10805 -DENERGIA=10002 -Dprintf=iprintf -IC:\Users\kille\.platformio\packages\framework-energiativa\system -IC:\Users\kille\.platformio\packages\framework-energiativa\system\inc -IC:\Users\kille\.platformio\packages\framework-energiativa\system\driverlib -IC:\Users\kille\.platformio\packages\framework-energiativa\cores\tivac -IC:\Users\kille\.platformio\packages\framework-energiativa\variants\EK-TM4C123GXL C:\Users\kille\.platformio\packages\framework-energiativa\cores\tivac\Print.cpp
arm-none-eabi-g++ -o .pio\build\lptm4c123gh6pm\FrameworkEnergia\Stream.cpp.o -c -fno-rtti -fno-exceptions -fno-threadsafe-statics -std=gnu++11 -mthumb -Os -ffunction-sections -fdata-sections -Wall -nostdlib -mcpu=cortex-m4 -mabi=aapcs -mfloat-abi=hard -mfpu=fpv4-sp-d16 --param max-inline-insns-single=500 -DF_CPU=80000000L -DPLATFORMIO=60104 -DENERGIA_ARCH_TIVAC -DENERGIA_EK_TM4C123GXL -DARDUINO=10805 -DENERGIA=10002 -Dprintf=iprintf -IC:\Users\kille\.platformio\packages\framework-energiativa\system -IC:\Users\kille\.platformio\packages\framework-energiativa\system\inc -IC:\Users\kille\.platformio\packages\framework-energiativa\system\driverlib -IC:\Users\kille\.platformio\packages\framework-energiativa\cores\tivac -IC:\Users\kille\.platformio\packages\framework-energiativa\variants\EK-TM4C123GXL C:\Users\kille\.platformio\packages\framework-energiativa\cores\tivac\Stream.cpp
arm-none-eabi-g++ -o .pio\build\lptm4c123gh6pm\FrameworkEnergia\Tone.cpp.o -c -fno-rtti -fno-exceptions -fno-threadsafe-statics -std=gnu++11 -mthumb -Os -ffunction-sections -fdata-sections -Wall -nostdlib -mcpu=cortex-m4 -mabi=aapcs -mfloat-abi=hard -mfpu=fpv4-sp-d16 --param max-inline-insns-single=500 -DF_CPU=80000000L -DPLATFORMIO=60104 -DENERGIA_ARCH_TIVAC -DENERGIA_EK_TM4C123GXL -DARDUINO=10805 -DENERGIA=10002 -Dprintf=iprintf -IC:\Users\kille\.platformio\packages\framework-energiativa\system -IC:\Users\kille\.platformio\packages\framework-energiativa\system\inc -IC:\Users\kille\.platformio\packages\framework-energiativa\system\driverlib -IC:\Users\kille\.platformio\packages\framework-energiativa\cores\tivac -IC:\Users\kille\.platformio\packages\framework-energiativa\variants\EK-TM4C123GXL C:\Users\kille\.platformio\packages\framework-energiativa\cores\tivac\Tone.cpp
arm-none-eabi-gcc -o .pio\build\lptm4c123gh6pm\FrameworkEnergia\WInterrupts.c.o -c -std=gnu11 -mthumb -Os -ffunction-sections -fdata-sections -Wall -nostdlib -mcpu=cortex-m4 -mabi=aapcs -mfloat-abi=hard -mfpu=fpv4-sp-d16 --param max-inline-insns-single=500 -DF_CPU=80000000L -DPLATFORMIO=60104 -DENERGIA_ARCH_TIVAC -DENERGIA_EK_TM4C123GXL -DARDUINO=10805 -DENERGIA=10002 -Dprintf=iprintf -IC:\Users\kille\.platformio\packages\framework-energiativa\system -IC:\Users\kille\.platformio\packages\framework-energiativa\system\inc -IC:\Users\kille\.platformio\packages\framework-energiativa\system\driverlib -IC:\Users\kille\.platformio\packages\framework-energiativa\cores\tivac -IC:\Users\kille\.platformio\packages\framework-energiativa\variants\EK-TM4C123GXL C:\Users\kille\.platformio\packages\framework-energiativa\cores\tivac\WInterrupts.c
pio : In file included from C:\Users\kille\.platformio\packages\framework-energiativa\cores\tivac\IPAddress.cpp:3:0:
At line:1 char:1
+ pio run -v > compile.log 2>&1
+ ~~~~~~~~~~~~~~~~~~~~~~~~~~~~~
    + CategoryInfo          : NotSpecified: (In file include...ddress.cpp:3:0::String) [], RemoteException
    + FullyQualifiedErrorId : NativeCommandError
 
C:\Users\kille\.platformio\packages\framework-energiativa\cores\tivac/IPAddress.h: In member function 'IPAddress::operator uint32_t()':
C:\Users\kille\.platformio\packages\framework-energiativa\cores\tivac/IPAddress.h:51:55: warning: dereferencing type-punned pointer will break strict-aliasing rules [-Wstrict-aliasing]
     operator uint32_t() { return *((uint32_t*)_address); };
                                                       ^
C:\Users\kille\.platformio\packages\framework-energiativa\cores\tivac/IPAddress.h: In member function 'bool IPAddress::operator==(const IPAddress&)':
C:\Users\kille\.platformio\packages\framework-energiativa\cores\tivac/IPAddress.h:52:75: warning: dereferencing type-punned pointer will break strict-aliasing rules [-Wstrict-aliasing]
     bool operator==(const IPAddress& addr) { return (*((uint32_t*)_address)) == (*((uint32_t*)addr._address)); };
                                                                           ^
C:\Users\kille\.platformio\packages\framework-energiativa\cores\tivac/IPAddress.h:52:108: warning: dereferencing type-punned pointer will break strict-aliasing rules [-Wstrict-aliasing]
     bool operator==(const IPAddress& addr) { return (*((uint32_t*)_address)) == (*((uint32_t*)addr._address)); };
                                                                                                            ^
arm-none-eabi-g++ -o .pio\build\lptm4c123gh6pm\FrameworkEnergia\WMath.cpp.o -c -fno-rtti -fno-exceptions -fno-threadsafe-statics -std=gnu++11 -mthumb -Os -ffunction-sections -fdata-sections -Wall -nostdlib -mcpu=cortex-m4 -mabi=aapcs -mfloat-abi=hard -mfpu=fpv4-sp-d16 --param max-inline-insns-single=500 -DF_CPU=80000000L -DPLATFORMIO=60104 -DENERGIA_ARCH_TIVAC -DENERGIA_EK_TM4C123GXL -DARDUINO=10805 -DENERGIA=10002 -Dprintf=iprintf -IC:\Users\kille\.platformio\packages\framework-energiativa\system -IC:\Users\kille\.platformio\packages\framework-energiativa\system\inc -IC:\Users\kille\.platformio\packages\framework-energiativa\system\driverlib -IC:\Users\kille\.platformio\packages\framework-energiativa\cores\tivac -IC:\Users\kille\.platformio\packages\framework-energiativa\variants\EK-TM4C123GXL C:\Users\kille\.platformio\packages\framework-energiativa\cores\tivac\WMath.cpp
C:\Users\kille\.platformio\packages\framework-energiativa\cores\tivac\Stream.cpp: In member function 'bool Stream::find(char*)':
C:\Users\kille\.platformio\packages\framework-energiativa\cores\tivac\Stream.cpp:78:30: warning: deprecated conversion from string constant to 'char*' [-Wwrite-strings]
   return findUntil(target, "");
                              ^
arm-none-eabi-g++ -o .pio\build\lptm4c123gh6pm\FrameworkEnergia\WString.cpp.o -c -fno-rtti -fno-exceptions -fno-threadsafe-statics -std=gnu++11 -mthumb -Os -ffunction-sections -fdata-sections -Wall -nostdlib -mcpu=cortex-m4 -mabi=aapcs -mfloat-abi=hard -mfpu=fpv4-sp-d16 --param max-inline-insns-single=500 -DF_CPU=80000000L -DPLATFORMIO=60104 -DENERGIA_ARCH_TIVAC -DENERGIA_EK_TM4C123GXL -DARDUINO=10805 -DENERGIA=10002 -Dprintf=iprintf -IC:\Users\kille\.platformio\packages\framework-energiativa\system -IC:\Users\kille\.platformio\packages\framework-energiativa\system\inc -IC:\Users\kille\.platformio\packages\framework-energiativa\system\driverlib -IC:\Users\kille\.platformio\packages\framework-energiativa\cores\tivac -IC:\Users\kille\.platformio\packages\framework-energiativa\variants\EK-TM4C123GXL C:\Users\kille\.platformio\packages\framework-energiativa\cores\tivac\WString.cpp
arm-none-eabi-gcc -o .pio\build\lptm4c123gh6pm\FrameworkEnergia\avr\dtostrf.c.o -c -std=gnu11 -mthumb -Os -ffunction-sections -fdata-sections -Wall -nostdlib -mcpu=cortex-m4 -mabi=aapcs -mfloat-abi=hard -mfpu=fpv4-sp-d16 --param max-inline-insns-single=500 -DF_CPU=80000000L -DPLATFORMIO=60104 -DENERGIA_ARCH_TIVAC -DENERGIA_EK_TM4C123GXL -DARDUINO=10805 -DENERGIA=10002 -Dprintf=iprintf -IC:\Users\kille\.platformio\packages\framework-energiativa\system -IC:\Users\kille\.platformio\packages\framework-energiativa\system\inc -IC:\Users\kille\.platformio\packages\framework-energiativa\system\driverlib -IC:\Users\kille\.platformio\packages\framework-energiativa\cores\tivac -IC:\Users\kille\.platformio\packages\framework-energiativa\variants\EK-TM4C123GXL C:\Users\kille\.platformio\packages\framework-energiativa\cores\tivac\avr\dtostrf.c
arm-none-eabi-gcc -o .pio\build\lptm4c123gh6pm\FrameworkEnergia\itoa.c.o -c -std=gnu11 -mthumb -Os -ffunction-sections -fdata-sections -Wall -nostdlib -mcpu=cortex-m4 -mabi=aapcs -mfloat-abi=hard -mfpu=fpv4-sp-d16 --param max-inline-insns-single=500 -DF_CPU=80000000L -DPLATFORMIO=60104 -DENERGIA_ARCH_TIVAC -DENERGIA_EK_TM4C123GXL -DARDUINO=10805 -DENERGIA=10002 -Dprintf=iprintf -IC:\Users\kille\.platformio\packages\framework-energiativa\system -IC:\Users\kille\.platformio\packages\framework-energiativa\system\inc -IC:\Users\kille\.platformio\packages\framework-energiativa\system\driverlib -IC:\Users\kille\.platformio\packages\framework-energiativa\cores\tivac -IC:\Users\kille\.platformio\packages\framework-energiativa\variants\EK-TM4C123GXL C:\Users\kille\.platformio\packages\framework-energiativa\cores\tivac\itoa.c
arm-none-eabi-g++ -o .pio\build\lptm4c123gh6pm\FrameworkEnergia\main.cpp.o -c -fno-rtti -fno-exceptions -fno-threadsafe-statics -std=gnu++11 -mthumb -Os -ffunction-sections -fdata-sections -Wall -nostdlib -mcpu=cortex-m4 -mabi=aapcs -mfloat-abi=hard -mfpu=fpv4-sp-d16 --param max-inline-insns-single=500 -DF_CPU=80000000L -DPLATFORMIO=60104 -DENERGIA_ARCH_TIVAC -DENERGIA_EK_TM4C123GXL -DARDUINO=10805 -DENERGIA=10002 -Dprintf=iprintf -IC:\Users\kille\.platformio\packages\framework-energiativa\system -IC:\Users\kille\.platformio\packages\framework-energiativa\system\inc -IC:\Users\kille\.platformio\packages\framework-energiativa\system\driverlib -IC:\Users\kille\.platformio\packages\framework-energiativa\cores\tivac -IC:\Users\kille\.platformio\packages\framework-energiativa\variants\EK-TM4C123GXL C:\Users\kille\.platformio\packages\framework-energiativa\cores\tivac\main.cpp
arm-none-eabi-g++ -o .pio\build\lptm4c123gh6pm\FrameworkEnergia\new.cpp.o -c -fno-rtti -fno-exceptions -fno-threadsafe-statics -std=gnu++11 -mthumb -Os -ffunction-sections -fdata-sections -Wall -nostdlib -mcpu=cortex-m4 -mabi=aapcs -mfloat-abi=hard -mfpu=fpv4-sp-d16 --param max-inline-insns-single=500 -DF_CPU=80000000L -DPLATFORMIO=60104 -DENERGIA_ARCH_TIVAC -DENERGIA_EK_TM4C123GXL -DARDUINO=10805 -DENERGIA=10002 -Dprintf=iprintf -IC:\Users\kille\.platformio\packages\framework-energiativa\system -IC:\Users\kille\.platformio\packages\framework-energiativa\system\inc -IC:\Users\kille\.platformio\packages\framework-energiativa\system\driverlib -IC:\Users\kille\.platformio\packages\framework-energiativa\cores\tivac -IC:\Users\kille\.platformio\packages\framework-energiativa\variants\EK-TM4C123GXL C:\Users\kille\.platformio\packages\framework-energiativa\cores\tivac\new.cpp
arm-none-eabi-gcc -o .pio\build\lptm4c123gh6pm\FrameworkEnergia\random.c.o -c -std=gnu11 -mthumb -Os -ffunction-sections -fdata-sections -Wall -nostdlib -mcpu=cortex-m4 -mabi=aapcs -mfloat-abi=hard -mfpu=fpv4-sp-d16 --param max-inline-insns-single=500 -DF_CPU=80000000L -DPLATFORMIO=60104 -DENERGIA_ARCH_TIVAC -DENERGIA_EK_TM4C123GXL -DARDUINO=10805 -DENERGIA=10002 -Dprintf=iprintf -IC:\Users\kille\.platformio\packages\framework-energiativa\system -IC:\Users\kille\.platformio\packages\framework-energiativa\system\inc -IC:\Users\kille\.platformio\packages\framework-energiativa\system\driverlib -IC:\Users\kille\.platformio\packages\framework-energiativa\cores\tivac -IC:\Users\kille\.platformio\packages\framework-energiativa\variants\EK-TM4C123GXL C:\Users\kille\.platformio\packages\framework-energiativa\cores\tivac\random.c
arm-none-eabi-gcc -o .pio\build\lptm4c123gh6pm\FrameworkEnergia\startup_gcc.c.o -c -std=gnu11 -mthumb -Os -ffunction-sections -fdata-sections -Wall -nostdlib -mcpu=cortex-m4 -mabi=aapcs -mfloat-abi=hard -mfpu=fpv4-sp-d16 --param max-inline-insns-single=500 -DF_CPU=80000000L -DPLATFORMIO=60104 -DENERGIA_ARCH_TIVAC -DENERGIA_EK_TM4C123GXL -DARDUINO=10805 -DENERGIA=10002 -Dprintf=iprintf -IC:\Users\kille\.platformio\packages\framework-energiativa\system -IC:\Users\kille\.platformio\packages\framework-energiativa\system\inc -IC:\Users\kille\.platformio\packages\framework-energiativa\system\driverlib -IC:\Users\kille\.platformio\packages\framework-energiativa\cores\tivac -IC:\Users\kille\.platformio\packages\framework-energiativa\variants\EK-TM4C123GXL C:\Users\kille\.platformio\packages\framework-energiativa\cores\tivac\startup_gcc.c
arm-none-eabi-gcc -o .pio\build\lptm4c123gh6pm\FrameworkEnergia\wiring.c.o -c -std=gnu11 -mthumb -Os -ffunction-sections -fdata-sections -Wall -nostdlib -mcpu=cortex-m4 -mabi=aapcs -mfloat-abi=hard -mfpu=fpv4-sp-d16 --param max-inline-insns-single=500 -DF_CPU=80000000L -DPLATFORMIO=60104 -DENERGIA_ARCH_TIVAC -DENERGIA_EK_TM4C123GXL -DARDUINO=10805 -DENERGIA=10002 -Dprintf=iprintf -IC:\Users\kille\.platformio\packages\framework-energiativa\system -IC:\Users\kille\.platformio\packages\framework-energiativa\system\inc -IC:\Users\kille\.platformio\packages\framework-energiativa\system\driverlib -IC:\Users\kille\.platformio\packages\framework-energiativa\cores\tivac -IC:\Users\kille\.platformio\packages\framework-energiativa\variants\EK-TM4C123GXL C:\Users\kille\.platformio\packages\framework-energiativa\cores\tivac\wiring.c
arm-none-eabi-gcc -o .pio\build\lptm4c123gh6pm\FrameworkEnergia\wiring_analog.c.o -c -std=gnu11 -mthumb -Os -ffunction-sections -fdata-sections -Wall -nostdlib -mcpu=cortex-m4 -mabi=aapcs -mfloat-abi=hard -mfpu=fpv4-sp-d16 --param max-inline-insns-single=500 -DF_CPU=80000000L -DPLATFORMIO=60104 -DENERGIA_ARCH_TIVAC -DENERGIA_EK_TM4C123GXL -DARDUINO=10805 -DENERGIA=10002 -Dprintf=iprintf -IC:\Users\kille\.platformio\packages\framework-energiativa\system -IC:\Users\kille\.platformio\packages\framework-energiativa\system\inc -IC:\Users\kille\.platformio\packages\framework-energiativa\system\driverlib -IC:\Users\kille\.platformio\packages\framework-energiativa\cores\tivac -IC:\Users\kille\.platformio\packages\framework-energiativa\variants\EK-TM4C123GXL C:\Users\kille\.platformio\packages\framework-energiativa\cores\tivac\wiring_analog.c
arm-none-eabi-gcc -o .pio\build\lptm4c123gh6pm\FrameworkEnergia\wiring_digital.c.o -c -std=gnu11 -mthumb -Os -ffunction-sections -fdata-sections -Wall -nostdlib -mcpu=cortex-m4 -mabi=aapcs -mfloat-abi=hard -mfpu=fpv4-sp-d16 --param max-inline-insns-single=500 -DF_CPU=80000000L -DPLATFORMIO=60104 -DENERGIA_ARCH_TIVAC -DENERGIA_EK_TM4C123GXL -DARDUINO=10805 -DENERGIA=10002 -Dprintf=iprintf -IC:\Users\kille\.platformio\packages\framework-energiativa\system -IC:\Users\kille\.platformio\packages\framework-energiativa\system\inc -IC:\Users\kille\.platformio\packages\framework-energiativa\system\driverlib -IC:\Users\kille\.platformio\packages\framework-energiativa\cores\tivac -IC:\Users\kille\.platformio\packages\framework-energiativa\variants\EK-TM4C123GXL C:\Users\kille\.platformio\packages\framework-energiativa\cores\tivac\wiring_digital.c
arm-none-eabi-gcc -o .pio\build\lptm4c123gh6pm\FrameworkEnergia\wiring_pulse.c.o -c -std=gnu11 -mthumb -Os -ffunction-sections -fdata-sections -Wall -nostdlib -mcpu=cortex-m4 -mabi=aapcs -mfloat-abi=hard -mfpu=fpv4-sp-d16 --param max-inline-insns-single=500 -DF_CPU=80000000L -DPLATFORMIO=60104 -DENERGIA_ARCH_TIVAC -DENERGIA_EK_TM4C123GXL -DARDUINO=10805 -DENERGIA=10002 -Dprintf=iprintf -IC:\Users\kille\.platformio\packages\framework-energiativa\system -IC:\Users\kille\.platformio\packages\framework-energiativa\system\inc -IC:\Users\kille\.platformio\packages\framework-energiativa\system\driverlib -IC:\Users\kille\.platformio\packages\framework-energiativa\cores\tivac -IC:\Users\kille\.platformio\packages\framework-energiativa\variants\EK-TM4C123GXL C:\Users\kille\.platformio\packages\framework-energiativa\cores\tivac\wiring_pulse.c
arm-none-eabi-gcc -o .pio\build\lptm4c123gh6pm\FrameworkEnergia\wiring_shift.c.o -c -std=gnu11 -mthumb -Os -ffunction-sections -fdata-sections -Wall -nostdlib -mcpu=cortex-m4 -mabi=aapcs -mfloat-abi=hard -mfpu=fpv4-sp-d16 --param max-inline-insns-single=500 -DF_CPU=80000000L -DPLATFORMIO=60104 -DENERGIA_ARCH_TIVAC -DENERGIA_EK_TM4C123GXL -DARDUINO=10805 -DENERGIA=10002 -Dprintf=iprintf -IC:\Users\kille\.platformio\packages\framework-energiativa\system -IC:\Users\kille\.platformio\packages\framework-energiativa\system\inc -IC:\Users\kille\.platformio\packages\framework-energiativa\system\driverlib -IC:\Users\kille\.platformio\packages\framework-energiativa\cores\tivac -IC:\Users\kille\.platformio\packages\framework-energiativa\variants\EK-TM4C123GXL C:\Users\kille\.platformio\packages\framework-energiativa\cores\tivac\wiring_shift.c
arm-none-eabi-ar rc .pio\build\lptm4c123gh6pm\libFrameworkEnergia.a .pio\build\lptm4c123gh6pm\FrameworkEnergia\HardwareSerial.cpp.o .pio\build\lptm4c123gh6pm\FrameworkEnergia\IPAddress.cpp.o .pio\build\lptm4c123gh6pm\FrameworkEnergia\MACAddress.cpp.o .pio\build\lptm4c123gh6pm\FrameworkEnergia\Print.cpp.o .pio\build\lptm4c123gh6pm\FrameworkEnergia\Stream.cpp.o .pio\build\lptm4c123gh6pm\FrameworkEnergia\Tone.cpp.o .pio\build\lptm4c123gh6pm\FrameworkEnergia\WInterrupts.c.o .pio\build\lptm4c123gh6pm\FrameworkEnergia\WMath.cpp.o .pio\build\lptm4c123gh6pm\FrameworkEnergia\WString.cpp.o .pio\build\lptm4c123gh6pm\FrameworkEnergia\avr\dtostrf.c.o .pio\build\lptm4c123gh6pm\FrameworkEnergia\itoa.c.o .pio\build\lptm4c123gh6pm\FrameworkEnergia\main.cpp.o .pio\build\lptm4c123gh6pm\FrameworkEnergia\new.cpp.o .pio\build\lptm4c123gh6pm\FrameworkEnergia\random.c.o .pio\build\lptm4c123gh6pm\FrameworkEnergia\startup_gcc.c.o .pio\build\lptm4c123gh6pm\FrameworkEnergia\wiring.c.o .pio\build\lptm4c123gh6pm\FrameworkEnergia\wiring_analog.c.o .pio\build\lptm4c123gh6pm\FrameworkEnergia\wiring_digital.c.o .pio\build\lptm4c123gh6pm\FrameworkEnergia\wiring_pulse.c.o .pio\build\lptm4c123gh6pm\FrameworkEnergia\wiring_shift.c.o
arm-none-eabi-g++ -o .pio\build\lptm4c123gh6pm\firmware.elf -T lm4fcpp_blizzard.ld -mthumb -Os -nostartfiles -nostdlib -mcpu=cortex-m4 -mabi=aapcs -mfloat-abi=hard -mfpu=fpv4-sp-d16 -Wl,--entry=ResetISR -Wl,--check-sections -Wl,--gc-sections -Wl,--unresolved-symbols=report-all -Wl,--warn-common -Wl,--warn-section-align -fsingle-precision-constant .pio\build\lptm4c123gh6pm\src\main.cpp.o -LC:\Users\kille\.platformio\platforms\titiva\ldscripts -L.pio\build\lptm4c123gh6pm -LC:\Users\kille\.platformio\packages\framework-energiativa\variants\EK-TM4C123GXL -LC:\Users\kille\.platformio\packages\framework-energiativa\system\driverlib -Wl,--start-group -lc -lgcc -lm -ldriverlib .pio\build\lptm4c123gh6pm\libFrameworkEnergia.a -Wl,--end-group
.pio\build\lptm4c123gh6pm\libFrameworkEnergia.a(main.cpp.o): In function `main':
main.cpp:(.text.startup.main+0x2): undefined reference to `setup'
main.cpp:(.text.startup.main+0x6): undefined reference to `loop'
collect2.exe: error: ld returned 1 exit status
*** [.pio\build\lptm4c123gh6pm\firmware.elf] Error 1
========================== [FAILED] Took 2.40 seconds ==========================
